# #!/bin/bash

# # Homebrew
# {{ if eq .chezmoi.os "darwin" }}
#   if ! command -v brew &>/dev/null; then
#     echo -e "🚀 Installing homebrew\n"
#     echo -e "🚨 \033[31mYOU WIlL BE ASKED FOR YOUR PASSWORD\033[0m\n"

#     /bin/bash -c "$(curl -fsSL https://raw.githubusercontent.com/Homebrew/install/HEAD/install.sh)"

#     echo 'eval "$(/opt/homebrew/bin/brew shellenv)"' >>"$HOME"/.zprofile

#     eval "$(/opt/homebrew/bin/brew shellenv)"
#   fi

# {{ end }}

# # fish
# if ! command -v fish &> /dev/null; then
#   echo -e "🚀 Installing fish\n"
#   echo -e "🚨 \033[31mYOU WIlL BE ASKED FOR YOUR PASSWORD\033[0m\n"
  
#   {{ if eq .chezmoi.os "darwin" }}
#     brew install fish
#     grep -q "/opt/homebrew/bin/fish" /etc/shells || echo "/opt/homebrew/bin/fish" | sudo tee -a /etc/shells
#   {{ else }}
#     echo -e "\n⚠️ Please install fish shell manually for your operating system\n"
#     exit 1
#   {{ end }}
# fi

# # Install bun
# if ! command -v bun &> /dev/null; then
#   echo -e "\n🚀 Installing bun\n"
#   curl -fsSL https://bun.sh/install | bash
# fi

# # Install pnpm
# if ! command -v pnpm &> /dev/null; then
#   echo -e "\n🚀 Installing pnpm\n"
#   curl -fsSL https://get.pnpm.io/install.sh | sh -
# fi

# # Install dnvm (dotnet)
# if ! command -v dnvm &> /dev/null; then
#   echo -e "\n🚀 Installing dnvm\n"
#   curl --proto '=https' -sSf https://dnvm.net/install.sh | sh
# fi

# # Install fnm (node) - need this before fish starts
# if ! command -v fnm &> /dev/null; then
#   echo -e "\n🚀 Installing fnm\n"
#   curl -fsSL https://fnm.vercel.app/install | bash -s -- --skip-shell
# fi

# # Install latest LTS NodeJS
# if ! command -v node &> /dev/null; then
#   echo -e "\n🚀 Installing latest LTS NodeJS\n"
#   fnm install --lts
# fi

# # fisher
# if ! command -v fisher &> /dev/null; then
#   echo -e "🚀 Installing fisher\n"
#   fish -c "curl -sL https://raw.githubusercontent.com/jorgebucaran/fisher/main/functions/fisher.fish | source && fish -c 'fisher install jorgebucaran/fisher'"
# fi

# # Hash fish_plugins to trigger a change here when there's a change there.
# # fish_plugins hash: {{ include "dot_config/fish/fish_plugins" | sha256sum }}

# {{ if eq .chezmoi.os "darwin" }}
#   echo -e '\n🚀 Installing fisher plugins\n'
#   /opt/homebrew/bin/fish -c "fisher update"
# {{ else }}
#   echo -e "\n⚠️ Please install fisher plugins manually for your operating system"
#   exit 1
# {{ end }}